[2026-09-26 18:59:52,593] flops: 0.619251354, params: 0.315566, Total params: : 0.3156
[2026-09-26 19:00:23,020] Epoch: 1, Dataset: test, Dice: 0.3244, IoU: 0.2219
[2026-09-26 19:00:23,986] Epoch: 1, Dataset: val, Dice: 0.3998, IoU: 0.2904
[2026-09-26 19:00:23,986] ### Best Model Saved (Dice improved from 0.0000 to 0.3998) ###
[2026-09-26 19:00:52,605] Epoch: 2, Dataset: test, Dice: 0.4906, IoU: 0.3666
[2026-09-26 19:00:53,527] Epoch: 2, Dataset: val, Dice: 0.4917, IoU: 0.3686
[2026-09-26 19:00:53,527] ### Best Model Saved (Dice improved from 0.3998 to 0.4917) ###
[2026-09-26 19:01:22,539] Epoch: 3, Dataset: test, Dice: 0.5235, IoU: 0.3942
[2026-09-26 19:01:23,504] Epoch: 3, Dataset: val, Dice: 0.5163, IoU: 0.3984
[2026-09-26 19:01:23,504] ### Best Model Saved (Dice improved from 0.4917 to 0.5163) ###
[2026-09-26 19:01:51,975] Epoch: 4, Dataset: test, Dice: 0.5842, IoU: 0.4695
[2026-09-26 19:01:52,943] Epoch: 4, Dataset: val, Dice: 0.5650, IoU: 0.4500
[2026-09-26 19:01:52,944] ### Best Model Saved (Dice improved from 0.5163 to 0.5650) ###
[2026-09-26 19:02:21,683] Epoch: 5, Dataset: test, Dice: 0.6551, IoU: 0.5258
[2026-09-26 19:02:22,657] Epoch: 5, Dataset: val, Dice: 0.6369, IoU: 0.5165
[2026-09-26 19:02:22,658] ### Best Model Saved (Dice improved from 0.5650 to 0.6369) ###
[2026-09-26 19:02:51,586] Epoch: 6, Dataset: test, Dice: 0.6766, IoU: 0.5563
[2026-09-26 19:02:52,473] Epoch: 6, Dataset: val, Dice: 0.6473, IoU: 0.5313
[2026-09-26 19:02:52,474] ### Best Model Saved (Dice improved from 0.6369 to 0.6473) ###
[2026-09-26 19:03:21,075] Epoch: 7, Dataset: test, Dice: 0.6221, IoU: 0.4865
[2026-09-26 19:03:21,932] Epoch: 7, Dataset: val, Dice: 0.5745, IoU: 0.4448
[2026-09-26 19:03:50,696] Epoch: 8, Dataset: test, Dice: 0.7320, IoU: 0.6199
[2026-09-26 19:03:51,588] Epoch: 8, Dataset: val, Dice: 0.6851, IoU: 0.5711
[2026-09-26 19:03:51,589] ### Best Model Saved (Dice improved from 0.6473 to 0.6851) ###
[2026-09-26 19:04:20,389] Epoch: 9, Dataset: test, Dice: 0.6655, IoU: 0.5476
[2026-09-26 19:04:21,241] Epoch: 9, Dataset: val, Dice: 0.6001, IoU: 0.4883
[2026-09-26 19:04:49,964] Epoch: 10, Dataset: test, Dice: 0.7129, IoU: 0.5992
[2026-09-26 19:04:50,770] Epoch: 10, Dataset: val, Dice: 0.6533, IoU: 0.5415
[2026-09-26 19:05:19,513] Epoch: 11, Dataset: test, Dice: 0.7329, IoU: 0.6142
[2026-09-26 19:05:20,338] Epoch: 11, Dataset: val, Dice: 0.6916, IoU: 0.5802
[2026-09-26 19:05:20,338] ### Best Model Saved (Dice improved from 0.6851 to 0.6916) ###
[2026-09-26 19:05:49,133] Epoch: 12, Dataset: test, Dice: 0.6538, IoU: 0.5166
[2026-09-26 19:05:49,999] Epoch: 12, Dataset: val, Dice: 0.5303, IoU: 0.4031
[2026-09-26 19:06:18,730] Epoch: 13, Dataset: test, Dice: 0.7777, IoU: 0.6804
[2026-09-26 19:06:19,567] Epoch: 13, Dataset: val, Dice: 0.7350, IoU: 0.6268
[2026-09-26 19:06:19,568] ### Best Model Saved (Dice improved from 0.6916 to 0.7350) ###
[2026-09-26 19:06:48,262] Epoch: 14, Dataset: test, Dice: 0.5784, IoU: 0.4459
[2026-09-26 19:06:49,133] Epoch: 14, Dataset: val, Dice: 0.6055, IoU: 0.4684
[2026-09-26 19:07:17,796] Epoch: 15, Dataset: test, Dice: 0.7437, IoU: 0.6311
[2026-09-26 19:07:18,602] Epoch: 15, Dataset: val, Dice: 0.6880, IoU: 0.5656
[2026-09-26 19:07:47,306] Epoch: 16, Dataset: test, Dice: 0.7154, IoU: 0.6050
[2026-09-26 19:07:48,135] Epoch: 16, Dataset: val, Dice: 0.6278, IoU: 0.5125
[2026-09-26 19:08:16,895] Epoch: 17, Dataset: test, Dice: 0.7967, IoU: 0.6973
[2026-09-26 19:08:17,754] Epoch: 17, Dataset: val, Dice: 0.7480, IoU: 0.6380
[2026-09-26 19:08:17,755] ### Best Model Saved (Dice improved from 0.7350 to 0.7480) ###
[2026-09-26 19:08:46,456] Epoch: 18, Dataset: test, Dice: 0.7974, IoU: 0.6956
[2026-09-26 19:08:47,265] Epoch: 18, Dataset: val, Dice: 0.7378, IoU: 0.6197
[2026-09-26 19:09:15,871] Epoch: 19, Dataset: test, Dice: 0.8191, IoU: 0.7312
[2026-09-26 19:09:16,708] Epoch: 19, Dataset: val, Dice: 0.7428, IoU: 0.6423
[2026-09-26 19:09:45,348] Epoch: 20, Dataset: test, Dice: 0.8290, IoU: 0.7361
[2026-09-26 19:09:46,176] Epoch: 20, Dataset: val, Dice: 0.7696, IoU: 0.6679
[2026-09-26 19:09:46,176] ### Best Model Saved (Dice improved from 0.7480 to 0.7696) ###
[2026-09-26 19:10:14,842] Epoch: 21, Dataset: test, Dice: 0.8359, IoU: 0.7568
[2026-09-26 19:10:15,710] Epoch: 21, Dataset: val, Dice: 0.7863, IoU: 0.6827
[2026-09-26 19:10:15,710] ### Best Model Saved (Dice improved from 0.7696 to 0.7863) ###
[2026-09-26 19:10:44,340] Epoch: 22, Dataset: test, Dice: 0.8472, IoU: 0.7541
[2026-09-26 19:10:45,171] Epoch: 22, Dataset: val, Dice: 0.7657, IoU: 0.6667
[2026-09-26 19:11:13,871] Epoch: 23, Dataset: test, Dice: 0.8452, IoU: 0.7520
[2026-09-26 19:11:14,679] Epoch: 23, Dataset: val, Dice: 0.7123, IoU: 0.6069
[2026-09-26 19:11:43,446] Epoch: 24, Dataset: test, Dice: 0.8758, IoU: 0.7975
[2026-09-26 19:11:44,272] Epoch: 24, Dataset: val, Dice: 0.8086, IoU: 0.7152
[2026-09-26 19:11:44,273] ### Best Model Saved (Dice improved from 0.7863 to 0.8086) ###
[2026-09-26 19:12:13,217] Epoch: 25, Dataset: test, Dice: 0.8205, IoU: 0.7204
[2026-09-26 19:12:14,056] Epoch: 25, Dataset: val, Dice: 0.7548, IoU: 0.6461
[2026-09-26 19:12:42,797] Epoch: 26, Dataset: test, Dice: 0.8486, IoU: 0.7658
[2026-09-26 19:12:43,663] Epoch: 26, Dataset: val, Dice: 0.7659, IoU: 0.6621
[2026-09-26 19:13:12,316] Epoch: 27, Dataset: test, Dice: 0.8586, IoU: 0.7765
[2026-09-26 19:13:13,188] Epoch: 27, Dataset: val, Dice: 0.7910, IoU: 0.6916
[2026-09-26 19:13:41,856] Epoch: 28, Dataset: test, Dice: 0.8485, IoU: 0.7603
[2026-09-26 19:13:42,692] Epoch: 28, Dataset: val, Dice: 0.7960, IoU: 0.7038
[2026-09-26 19:14:11,442] Epoch: 29, Dataset: test, Dice: 0.8141, IoU: 0.7217
[2026-09-26 19:14:12,253] Epoch: 29, Dataset: val, Dice: 0.7608, IoU: 0.6548
[2026-09-26 19:14:40,951] Epoch: 30, Dataset: test, Dice: 0.8620, IoU: 0.7729
[2026-09-26 19:14:41,772] Epoch: 30, Dataset: val, Dice: 0.7941, IoU: 0.6957
[2026-09-26 19:15:10,504] Epoch: 31, Dataset: test, Dice: 0.7746, IoU: 0.6774
[2026-09-26 19:15:11,320] Epoch: 31, Dataset: val, Dice: 0.7064, IoU: 0.5883
[2026-09-26 19:15:39,950] Epoch: 32, Dataset: test, Dice: 0.9114, IoU: 0.8451
[2026-09-26 19:15:40,830] Epoch: 32, Dataset: val, Dice: 0.8363, IoU: 0.7523
[2026-09-26 19:15:40,831] ### Best Model Saved (Dice improved from 0.8086 to 0.8363) ###
[2026-09-26 19:16:09,646] Epoch: 33, Dataset: test, Dice: 0.9052, IoU: 0.8387
[2026-09-26 19:16:10,489] Epoch: 33, Dataset: val, Dice: 0.8394, IoU: 0.7487
[2026-09-26 19:16:10,490] ### Best Model Saved (Dice improved from 0.8363 to 0.8394) ###
[2026-09-26 19:16:39,275] Epoch: 34, Dataset: test, Dice: 0.8209, IoU: 0.7343
[2026-09-26 19:16:40,168] Epoch: 34, Dataset: val, Dice: 0.7632, IoU: 0.6575
[2026-09-26 19:17:08,895] Epoch: 35, Dataset: test, Dice: 0.8836, IoU: 0.8060
[2026-09-26 19:17:09,736] Epoch: 35, Dataset: val, Dice: 0.8292, IoU: 0.7338
[2026-09-26 19:17:38,503] Epoch: 36, Dataset: test, Dice: 0.9075, IoU: 0.8423
[2026-09-26 19:17:39,344] Epoch: 36, Dataset: val, Dice: 0.8286, IoU: 0.7437
[2026-09-26 19:18:08,141] Epoch: 37, Dataset: test, Dice: 0.8803, IoU: 0.8023
[2026-09-26 19:18:09,041] Epoch: 37, Dataset: val, Dice: 0.8111, IoU: 0.7159
[2026-09-26 19:18:37,800] Epoch: 38, Dataset: test, Dice: 0.9089, IoU: 0.8414
[2026-09-26 19:18:38,707] Epoch: 38, Dataset: val, Dice: 0.8263, IoU: 0.7369
[2026-09-26 19:19:07,490] Epoch: 39, Dataset: test, Dice: 0.7944, IoU: 0.7020
[2026-09-26 19:19:08,354] Epoch: 39, Dataset: val, Dice: 0.7418, IoU: 0.6318
[2026-09-26 19:19:37,111] Epoch: 40, Dataset: test, Dice: 0.8469, IoU: 0.7640
[2026-09-26 19:19:37,923] Epoch: 40, Dataset: val, Dice: 0.8020, IoU: 0.7005
[2026-09-26 19:20:06,765] Epoch: 41, Dataset: test, Dice: 0.7444, IoU: 0.6513
[2026-09-26 19:20:07,647] Epoch: 41, Dataset: val, Dice: 0.7226, IoU: 0.6265
[2026-09-26 19:20:36,252] Epoch: 42, Dataset: test, Dice: 0.9088, IoU: 0.8416
[2026-09-26 19:20:37,101] Epoch: 42, Dataset: val, Dice: 0.8359, IoU: 0.7484
[2026-09-26 19:21:05,869] Epoch: 43, Dataset: test, Dice: 0.8891, IoU: 0.8194
[2026-09-26 19:21:06,754] Epoch: 43, Dataset: val, Dice: 0.8308, IoU: 0.7382
[2026-09-26 19:21:35,451] Epoch: 44, Dataset: test, Dice: 0.8284, IoU: 0.7324
[2026-09-26 19:21:36,274] Epoch: 44, Dataset: val, Dice: 0.7590, IoU: 0.6440
[2026-09-26 19:22:04,953] Epoch: 45, Dataset: test, Dice: 0.9100, IoU: 0.8444
[2026-09-26 19:22:05,777] Epoch: 45, Dataset: val, Dice: 0.8462, IoU: 0.7680
[2026-09-26 19:22:05,778] ### Best Model Saved (Dice improved from 0.8394 to 0.8462) ###
[2026-09-26 19:22:34,446] Epoch: 46, Dataset: test, Dice: 0.9096, IoU: 0.8484
[2026-09-26 19:22:35,306] Epoch: 46, Dataset: val, Dice: 0.8678, IoU: 0.7917
[2026-09-26 19:22:35,306] ### Best Model Saved (Dice improved from 0.8462 to 0.8678) ###
[2026-09-26 19:23:04,072] Epoch: 47, Dataset: test, Dice: 0.9058, IoU: 0.8425
[2026-09-26 19:23:05,029] Epoch: 47, Dataset: val, Dice: 0.8271, IoU: 0.7399
[2026-09-26 19:23:33,815] Epoch: 48, Dataset: test, Dice: 0.9210, IoU: 0.8626
[2026-09-26 19:23:34,633] Epoch: 48, Dataset: val, Dice: 0.8423, IoU: 0.7578
[2026-09-26 19:24:03,407] Epoch: 49, Dataset: test, Dice: 0.9161, IoU: 0.8560
[2026-09-26 19:24:04,256] Epoch: 49, Dataset: val, Dice: 0.8582, IoU: 0.7796
[2026-09-26 19:24:33,038] Epoch: 50, Dataset: test, Dice: 0.8958, IoU: 0.8267
[2026-09-26 19:24:33,922] Epoch: 50, Dataset: val, Dice: 0.8374, IoU: 0.7555
[2026-09-26 19:25:02,780] Epoch: 51, Dataset: test, Dice: 0.9160, IoU: 0.8549
[2026-09-26 19:25:03,629] Epoch: 51, Dataset: val, Dice: 0.8497, IoU: 0.7687
[2026-09-26 19:25:32,381] Epoch: 52, Dataset: test, Dice: 0.9206, IoU: 0.8613
[2026-09-26 19:25:33,255] Epoch: 52, Dataset: val, Dice: 0.8611, IoU: 0.7807
[2026-09-26 19:26:01,987] Epoch: 53, Dataset: test, Dice: 0.9116, IoU: 0.8485
[2026-09-26 19:26:02,919] Epoch: 53, Dataset: val, Dice: 0.8498, IoU: 0.7664
[2026-09-26 19:26:31,705] Epoch: 54, Dataset: test, Dice: 0.9150, IoU: 0.8499
[2026-09-26 19:26:32,604] Epoch: 54, Dataset: val, Dice: 0.8392, IoU: 0.7555
[2026-09-26 19:27:01,347] Epoch: 55, Dataset: test, Dice: 0.9147, IoU: 0.8514
[2026-09-26 19:27:02,185] Epoch: 55, Dataset: val, Dice: 0.8752, IoU: 0.7963
[2026-09-26 19:27:02,185] ### Best Model Saved (Dice improved from 0.8678 to 0.8752) ###
[2026-09-26 19:27:30,985] Epoch: 56, Dataset: test, Dice: 0.9152, IoU: 0.8568
[2026-09-26 19:27:31,843] Epoch: 56, Dataset: val, Dice: 0.8846, IoU: 0.8103
[2026-09-26 19:27:31,843] ### Best Model Saved (Dice improved from 0.8752 to 0.8846) ###
[2026-09-26 19:28:00,607] Epoch: 57, Dataset: test, Dice: 0.9033, IoU: 0.8352
[2026-09-26 19:28:01,429] Epoch: 57, Dataset: val, Dice: 0.8222, IoU: 0.7301
[2026-09-26 19:28:30,117] Epoch: 58, Dataset: test, Dice: 0.9063, IoU: 0.8454
[2026-09-26 19:28:30,905] Epoch: 58, Dataset: val, Dice: 0.8682, IoU: 0.7972
[2026-09-26 19:28:59,923] Epoch: 59, Dataset: test, Dice: 0.9140, IoU: 0.8529
[2026-09-26 19:29:00,798] Epoch: 59, Dataset: val, Dice: 0.8711, IoU: 0.7958
[2026-09-26 19:29:29,461] Epoch: 60, Dataset: test, Dice: 0.8887, IoU: 0.8272
[2026-09-26 19:29:30,295] Epoch: 60, Dataset: val, Dice: 0.8590, IoU: 0.7784
[2026-09-26 19:29:58,978] Epoch: 61, Dataset: test, Dice: 0.8840, IoU: 0.8212
[2026-09-26 19:29:59,822] Epoch: 61, Dataset: val, Dice: 0.8591, IoU: 0.7852
[2026-09-26 19:30:28,487] Epoch: 62, Dataset: test, Dice: 0.9194, IoU: 0.8577
[2026-09-26 19:30:29,239] Epoch: 62, Dataset: val, Dice: 0.8872, IoU: 0.8175
[2026-09-26 19:30:29,240] ### Best Model Saved (Dice improved from 0.8846 to 0.8872) ###
[2026-09-26 19:30:57,877] Epoch: 63, Dataset: test, Dice: 0.9211, IoU: 0.8679
[2026-09-26 19:30:58,693] Epoch: 63, Dataset: val, Dice: 0.8768, IoU: 0.8072
[2026-09-26 19:31:27,405] Epoch: 64, Dataset: test, Dice: 0.9086, IoU: 0.8423
[2026-09-26 19:31:28,207] Epoch: 64, Dataset: val, Dice: 0.8695, IoU: 0.7963
[2026-09-26 19:31:56,827] Epoch: 65, Dataset: test, Dice: 0.8855, IoU: 0.8186
[2026-09-26 19:31:57,641] Epoch: 65, Dataset: val, Dice: 0.8128, IoU: 0.7257
[2026-09-26 19:32:26,267] Epoch: 66, Dataset: test, Dice: 0.8921, IoU: 0.8230
[2026-09-26 19:32:27,080] Epoch: 66, Dataset: val, Dice: 0.8369, IoU: 0.7527
[2026-09-26 19:32:55,784] Epoch: 67, Dataset: test, Dice: 0.9241, IoU: 0.8677
[2026-09-26 19:32:56,551] Epoch: 67, Dataset: val, Dice: 0.8781, IoU: 0.8073
[2026-09-26 19:33:25,168] Epoch: 68, Dataset: test, Dice: 0.9144, IoU: 0.8545
[2026-09-26 19:33:25,937] Epoch: 68, Dataset: val, Dice: 0.8629, IoU: 0.7846
[2026-09-26 19:33:54,536] Epoch: 69, Dataset: test, Dice: 0.9095, IoU: 0.8491
[2026-09-26 19:33:55,344] Epoch: 69, Dataset: val, Dice: 0.8569, IoU: 0.7763
[2026-09-26 19:34:23,916] Epoch: 70, Dataset: test, Dice: 0.8744, IoU: 0.8181
[2026-09-26 19:34:24,716] Epoch: 70, Dataset: val, Dice: 0.8544, IoU: 0.7742
[2026-09-26 19:34:53,368] Epoch: 71, Dataset: test, Dice: 0.9265, IoU: 0.8727
[2026-09-26 19:34:54,135] Epoch: 71, Dataset: val, Dice: 0.8849, IoU: 0.8137
[2026-09-26 19:35:22,885] Epoch: 72, Dataset: test, Dice: 0.9311, IoU: 0.8751
[2026-09-26 19:35:23,708] Epoch: 72, Dataset: val, Dice: 0.8692, IoU: 0.7988
[2026-09-26 19:35:52,382] Epoch: 73, Dataset: test, Dice: 0.9187, IoU: 0.8637
[2026-09-26 19:35:53,260] Epoch: 73, Dataset: val, Dice: 0.8848, IoU: 0.8177
[2026-09-26 19:36:21,850] Epoch: 74, Dataset: test, Dice: 0.9394, IoU: 0.8887
[2026-09-26 19:36:22,677] Epoch: 74, Dataset: val, Dice: 0.8713, IoU: 0.8015
[2026-09-26 19:36:51,279] Epoch: 75, Dataset: test, Dice: 0.9298, IoU: 0.8761
[2026-09-26 19:36:52,119] Epoch: 75, Dataset: val, Dice: 0.8690, IoU: 0.7988
[2026-09-26 19:37:20,760] Epoch: 76, Dataset: test, Dice: 0.9190, IoU: 0.8591
[2026-09-26 19:37:21,620] Epoch: 76, Dataset: val, Dice: 0.8791, IoU: 0.8074
[2026-09-26 19:37:50,263] Epoch: 77, Dataset: test, Dice: 0.9229, IoU: 0.8688
[2026-09-26 19:37:51,046] Epoch: 77, Dataset: val, Dice: 0.8626, IoU: 0.7901
[2026-09-26 19:38:19,704] Epoch: 78, Dataset: test, Dice: 0.9069, IoU: 0.8482
[2026-09-26 19:38:20,564] Epoch: 78, Dataset: val, Dice: 0.9015, IoU: 0.8371
[2026-09-26 19:38:20,564] ### Best Model Saved (Dice improved from 0.8872 to 0.9015) ###
[2026-09-26 19:38:49,238] Epoch: 79, Dataset: test, Dice: 0.9158, IoU: 0.8531
[2026-09-26 19:38:50,029] Epoch: 79, Dataset: val, Dice: 0.8721, IoU: 0.8001
[2026-09-26 19:39:18,688] Epoch: 80, Dataset: test, Dice: 0.9220, IoU: 0.8629
[2026-09-26 19:39:19,506] Epoch: 80, Dataset: val, Dice: 0.8789, IoU: 0.8085
[2026-09-26 19:39:48,091] Epoch: 81, Dataset: test, Dice: 0.9360, IoU: 0.8831
[2026-09-26 19:39:48,903] Epoch: 81, Dataset: val, Dice: 0.8856, IoU: 0.8178
[2026-09-26 19:40:17,510] Epoch: 82, Dataset: test, Dice: 0.9203, IoU: 0.8619
[2026-09-26 19:40:18,339] Epoch: 82, Dataset: val, Dice: 0.8700, IoU: 0.7948
[2026-09-26 19:40:46,997] Epoch: 83, Dataset: test, Dice: 0.9356, IoU: 0.8847
[2026-09-26 19:40:47,833] Epoch: 83, Dataset: val, Dice: 0.8881, IoU: 0.8214
[2026-09-26 19:41:16,490] Epoch: 84, Dataset: test, Dice: 0.9245, IoU: 0.8695
[2026-09-26 19:41:17,289] Epoch: 84, Dataset: val, Dice: 0.8841, IoU: 0.8178
[2026-09-26 19:41:45,992] Epoch: 85, Dataset: test, Dice: 0.9160, IoU: 0.8531
[2026-09-26 19:41:46,822] Epoch: 85, Dataset: val, Dice: 0.8710, IoU: 0.7904
[2026-09-26 19:42:15,368] Epoch: 86, Dataset: test, Dice: 0.8711, IoU: 0.7961
[2026-09-26 19:42:16,153] Epoch: 86, Dataset: val, Dice: 0.8233, IoU: 0.7354
[2026-09-26 19:42:44,744] Epoch: 87, Dataset: test, Dice: 0.9285, IoU: 0.8707
[2026-09-26 19:42:45,511] Epoch: 87, Dataset: val, Dice: 0.8660, IoU: 0.7888
[2026-09-26 19:43:14,145] Epoch: 88, Dataset: test, Dice: 0.9343, IoU: 0.8832
[2026-09-26 19:43:14,940] Epoch: 88, Dataset: val, Dice: 0.9025, IoU: 0.8387
[2026-09-26 19:43:14,941] ### Best Model Saved (Dice improved from 0.9015 to 0.9025) ###
[2026-09-26 19:43:43,613] Epoch: 89, Dataset: test, Dice: 0.9310, IoU: 0.8775
[2026-09-26 19:43:44,441] Epoch: 89, Dataset: val, Dice: 0.8803, IoU: 0.8083
[2026-09-26 19:44:13,116] Epoch: 90, Dataset: test, Dice: 0.9197, IoU: 0.8694
[2026-09-26 19:44:13,944] Epoch: 90, Dataset: val, Dice: 0.8876, IoU: 0.8225
[2026-09-26 19:44:42,534] Epoch: 91, Dataset: test, Dice: 0.9216, IoU: 0.8640
[2026-09-26 19:44:43,371] Epoch: 91, Dataset: val, Dice: 0.8599, IoU: 0.7881
[2026-09-26 19:45:11,984] Epoch: 92, Dataset: test, Dice: 0.9318, IoU: 0.8772
[2026-09-26 19:45:12,853] Epoch: 92, Dataset: val, Dice: 0.8542, IoU: 0.7776
[2026-09-26 19:45:41,432] Epoch: 93, Dataset: test, Dice: 0.9138, IoU: 0.8611
[2026-09-26 19:45:42,251] Epoch: 93, Dataset: val, Dice: 0.8873, IoU: 0.8169
[2026-09-26 19:46:10,977] Epoch: 94, Dataset: test, Dice: 0.9373, IoU: 0.8860
[2026-09-26 19:46:11,797] Epoch: 94, Dataset: val, Dice: 0.8922, IoU: 0.8296
[2026-09-26 19:46:40,473] Epoch: 95, Dataset: test, Dice: 0.9117, IoU: 0.8550
[2026-09-26 19:46:41,274] Epoch: 95, Dataset: val, Dice: 0.8655, IoU: 0.7854
[2026-09-26 19:47:10,005] Epoch: 96, Dataset: test, Dice: 0.9271, IoU: 0.8735
[2026-09-26 19:47:10,810] Epoch: 96, Dataset: val, Dice: 0.8828, IoU: 0.8106
[2026-09-26 19:47:39,435] Epoch: 97, Dataset: test, Dice: 0.9323, IoU: 0.8807
[2026-09-26 19:47:40,241] Epoch: 97, Dataset: val, Dice: 0.8642, IoU: 0.7924
[2026-09-26 19:48:08,965] Epoch: 98, Dataset: test, Dice: 0.9285, IoU: 0.8785
[2026-09-26 19:48:09,770] Epoch: 98, Dataset: val, Dice: 0.8925, IoU: 0.8279
[2026-09-26 19:48:38,413] Epoch: 99, Dataset: test, Dice: 0.9329, IoU: 0.8820
[2026-09-26 19:48:39,234] Epoch: 99, Dataset: val, Dice: 0.8987, IoU: 0.8341
[2026-09-26 19:49:07,823] Epoch: 100, Dataset: test, Dice: 0.9371, IoU: 0.8855
[2026-09-26 19:49:08,578] Epoch: 100, Dataset: val, Dice: 0.8908, IoU: 0.8240
[2026-09-26 19:49:37,226] Epoch: 101, Dataset: test, Dice: 0.9416, IoU: 0.8928
[2026-09-26 19:49:38,108] Epoch: 101, Dataset: val, Dice: 0.8928, IoU: 0.8294
[2026-09-26 19:50:06,689] Epoch: 102, Dataset: test, Dice: 0.9265, IoU: 0.8697
[2026-09-26 19:50:07,487] Epoch: 102, Dataset: val, Dice: 0.8904, IoU: 0.8229
[2026-09-26 19:50:36,086] Epoch: 103, Dataset: test, Dice: 0.9290, IoU: 0.8777
[2026-09-26 19:50:36,875] Epoch: 103, Dataset: val, Dice: 0.9092, IoU: 0.8514
[2026-09-26 19:50:36,875] ### Best Model Saved (Dice improved from 0.9025 to 0.9092) ###
[2026-09-26 19:51:05,492] Epoch: 104, Dataset: test, Dice: 0.9381, IoU: 0.8874
[2026-09-26 19:51:06,314] Epoch: 104, Dataset: val, Dice: 0.8922, IoU: 0.8293
[2026-09-26 19:51:34,896] Epoch: 105, Dataset: test, Dice: 0.9270, IoU: 0.8695
[2026-09-26 19:51:35,669] Epoch: 105, Dataset: val, Dice: 0.8782, IoU: 0.8069
[2026-09-26 19:52:04,222] Epoch: 106, Dataset: test, Dice: 0.9311, IoU: 0.8759
[2026-09-26 19:52:05,043] Epoch: 106, Dataset: val, Dice: 0.8735, IoU: 0.7990
[2026-09-26 19:52:33,643] Epoch: 107, Dataset: test, Dice: 0.9442, IoU: 0.8969
[2026-09-26 19:52:34,474] Epoch: 107, Dataset: val, Dice: 0.8973, IoU: 0.8355
[2026-09-26 19:53:03,196] Epoch: 108, Dataset: test, Dice: 0.9406, IoU: 0.8908
[2026-09-26 19:53:03,972] Epoch: 108, Dataset: val, Dice: 0.8781, IoU: 0.8114
[2026-09-26 19:53:32,584] Epoch: 109, Dataset: test, Dice: 0.9397, IoU: 0.8900
[2026-09-26 19:53:33,391] Epoch: 109, Dataset: val, Dice: 0.8947, IoU: 0.8337
[2026-09-26 19:54:01,974] Epoch: 110, Dataset: test, Dice: 0.9305, IoU: 0.8756
[2026-09-26 19:54:02,786] Epoch: 110, Dataset: val, Dice: 0.8850, IoU: 0.8153
[2026-09-26 19:54:31,358] Epoch: 111, Dataset: test, Dice: 0.9288, IoU: 0.8785
[2026-09-26 19:54:32,180] Epoch: 111, Dataset: val, Dice: 0.9022, IoU: 0.8441
[2026-09-26 19:55:00,938] Epoch: 112, Dataset: test, Dice: 0.9129, IoU: 0.8611
[2026-09-26 19:55:01,775] Epoch: 112, Dataset: val, Dice: 0.8927, IoU: 0.8304
[2026-09-26 19:55:30,467] Epoch: 113, Dataset: test, Dice: 0.9242, IoU: 0.8706
[2026-09-26 19:55:31,297] Epoch: 113, Dataset: val, Dice: 0.8966, IoU: 0.8353
[2026-09-26 19:55:59,873] Epoch: 114, Dataset: test, Dice: 0.9360, IoU: 0.8851
[2026-09-26 19:56:00,634] Epoch: 114, Dataset: val, Dice: 0.9001, IoU: 0.8386
[2026-09-26 19:56:29,223] Epoch: 115, Dataset: test, Dice: 0.9190, IoU: 0.8699
[2026-09-26 19:56:30,056] Epoch: 115, Dataset: val, Dice: 0.8922, IoU: 0.8278
[2026-09-26 19:56:58,664] Epoch: 116, Dataset: test, Dice: 0.9338, IoU: 0.8830
[2026-09-26 19:56:59,443] Epoch: 116, Dataset: val, Dice: 0.8954, IoU: 0.8340
[2026-09-26 19:57:27,925] Epoch: 117, Dataset: test, Dice: 0.9422, IoU: 0.8947
[2026-09-26 19:57:28,717] Epoch: 117, Dataset: val, Dice: 0.8982, IoU: 0.8348
[2026-09-26 19:57:57,200] Epoch: 118, Dataset: test, Dice: 0.9282, IoU: 0.8791
[2026-09-26 19:57:57,999] Epoch: 118, Dataset: val, Dice: 0.9004, IoU: 0.8411
[2026-09-26 19:58:26,621] Epoch: 119, Dataset: test, Dice: 0.9296, IoU: 0.8808
[2026-09-26 19:58:27,425] Epoch: 119, Dataset: val, Dice: 0.8919, IoU: 0.8244
[2026-09-26 19:58:55,995] Epoch: 120, Dataset: test, Dice: 0.9396, IoU: 0.8902
[2026-09-26 19:58:56,808] Epoch: 120, Dataset: val, Dice: 0.8893, IoU: 0.8230
[2026-09-26 19:59:25,360] Epoch: 121, Dataset: test, Dice: 0.9373, IoU: 0.8869
[2026-09-26 19:59:26,114] Epoch: 121, Dataset: val, Dice: 0.8881, IoU: 0.8234
[2026-09-26 19:59:54,668] Epoch: 122, Dataset: test, Dice: 0.9348, IoU: 0.8855
[2026-09-26 19:59:55,460] Epoch: 122, Dataset: val, Dice: 0.9001, IoU: 0.8397
[2026-09-26 20:00:24,101] Epoch: 123, Dataset: test, Dice: 0.9370, IoU: 0.8871
[2026-09-26 20:00:24,879] Epoch: 123, Dataset: val, Dice: 0.8978, IoU: 0.8334
[2026-09-26 20:00:53,443] Epoch: 124, Dataset: test, Dice: 0.9356, IoU: 0.8848
[2026-09-26 20:00:54,234] Epoch: 124, Dataset: val, Dice: 0.8898, IoU: 0.8242
[2026-09-26 20:01:22,902] Epoch: 125, Dataset: test, Dice: 0.9367, IoU: 0.8852
[2026-09-26 20:01:23,725] Epoch: 125, Dataset: val, Dice: 0.8909, IoU: 0.8275
[2026-09-26 20:01:52,291] Epoch: 126, Dataset: test, Dice: 0.9397, IoU: 0.8909
[2026-09-26 20:01:53,131] Epoch: 126, Dataset: val, Dice: 0.8991, IoU: 0.8387
[2026-09-26 20:02:21,562] Epoch: 127, Dataset: test, Dice: 0.9427, IoU: 0.8948
[2026-09-26 20:02:22,302] Epoch: 127, Dataset: val, Dice: 0.8968, IoU: 0.8348
[2026-09-26 20:02:50,857] Epoch: 128, Dataset: test, Dice: 0.9399, IoU: 0.8906
[2026-09-26 20:02:51,624] Epoch: 128, Dataset: val, Dice: 0.8873, IoU: 0.8215
[2026-09-26 20:03:20,272] Epoch: 129, Dataset: test, Dice: 0.9332, IoU: 0.8811
[2026-09-26 20:03:21,037] Epoch: 129, Dataset: val, Dice: 0.8917, IoU: 0.8298
[2026-09-26 20:03:49,678] Epoch: 130, Dataset: test, Dice: 0.9292, IoU: 0.8805
[2026-09-26 20:03:50,470] Epoch: 130, Dataset: val, Dice: 0.8978, IoU: 0.8369
[2026-09-26 20:04:19,041] Epoch: 131, Dataset: test, Dice: 0.9387, IoU: 0.8888
[2026-09-26 20:04:19,813] Epoch: 131, Dataset: val, Dice: 0.8960, IoU: 0.8319
[2026-09-26 20:04:48,261] Epoch: 132, Dataset: test, Dice: 0.9436, IoU: 0.8964
[2026-09-26 20:04:49,014] Epoch: 132, Dataset: val, Dice: 0.8994, IoU: 0.8401
[2026-09-26 20:05:17,510] Epoch: 133, Dataset: test, Dice: 0.9439, IoU: 0.8961
[2026-09-26 20:05:18,307] Epoch: 133, Dataset: val, Dice: 0.8935, IoU: 0.8321
[2026-09-26 20:05:46,877] Epoch: 134, Dataset: test, Dice: 0.9351, IoU: 0.8830
[2026-09-26 20:05:47,612] Epoch: 134, Dataset: val, Dice: 0.8979, IoU: 0.8365
[2026-09-26 20:06:16,241] Epoch: 135, Dataset: test, Dice: 0.9404, IoU: 0.8918
[2026-09-26 20:06:16,982] Epoch: 135, Dataset: val, Dice: 0.8945, IoU: 0.8331
[2026-09-26 20:06:45,588] Epoch: 136, Dataset: test, Dice: 0.9388, IoU: 0.8888
[2026-09-26 20:06:46,349] Epoch: 136, Dataset: val, Dice: 0.9006, IoU: 0.8418
[2026-09-26 20:07:14,927] Epoch: 137, Dataset: test, Dice: 0.9361, IoU: 0.8875
[2026-09-26 20:07:15,756] Epoch: 137, Dataset: val, Dice: 0.8966, IoU: 0.8364
[2026-09-26 20:07:44,335] Epoch: 138, Dataset: test, Dice: 0.9277, IoU: 0.8807
[2026-09-26 20:07:45,124] Epoch: 138, Dataset: val, Dice: 0.8975, IoU: 0.8363
[2026-09-26 20:08:13,685] Epoch: 139, Dataset: test, Dice: 0.9405, IoU: 0.8916
[2026-09-26 20:08:14,451] Epoch: 139, Dataset: val, Dice: 0.8981, IoU: 0.8385
[2026-09-26 20:08:43,117] Epoch: 140, Dataset: test, Dice: 0.9302, IoU: 0.8753
[2026-09-26 20:08:43,842] Epoch: 140, Dataset: val, Dice: 0.8945, IoU: 0.8293
[2026-09-26 20:09:12,312] Epoch: 141, Dataset: test, Dice: 0.9436, IoU: 0.8960
[2026-09-26 20:09:13,078] Epoch: 141, Dataset: val, Dice: 0.8998, IoU: 0.8405
[2026-09-26 20:09:41,656] Epoch: 142, Dataset: test, Dice: 0.9297, IoU: 0.8776
[2026-09-26 20:09:42,440] Epoch: 142, Dataset: val, Dice: 0.8945, IoU: 0.8309
[2026-09-26 20:10:11,141] Epoch: 143, Dataset: test, Dice: 0.9409, IoU: 0.8921
[2026-09-26 20:10:11,880] Epoch: 143, Dataset: val, Dice: 0.8961, IoU: 0.8345
[2026-09-26 20:10:40,510] Epoch: 144, Dataset: test, Dice: 0.9397, IoU: 0.8901
[2026-09-26 20:10:41,272] Epoch: 144, Dataset: val, Dice: 0.8939, IoU: 0.8314
[2026-09-26 20:11:09,690] Epoch: 145, Dataset: test, Dice: 0.9305, IoU: 0.8845
[2026-09-26 20:11:10,500] Epoch: 145, Dataset: val, Dice: 0.9017, IoU: 0.8437
[2026-09-26 20:11:39,040] Epoch: 146, Dataset: test, Dice: 0.9378, IoU: 0.8873
[2026-09-26 20:11:39,811] Epoch: 146, Dataset: val, Dice: 0.9039, IoU: 0.8441
[2026-09-26 20:12:08,426] Epoch: 147, Dataset: test, Dice: 0.9311, IoU: 0.8808
[2026-09-26 20:12:09,197] Epoch: 147, Dataset: val, Dice: 0.9000, IoU: 0.8422
[2026-09-26 20:12:37,857] Epoch: 148, Dataset: test, Dice: 0.9449, IoU: 0.8980
[2026-09-26 20:12:38,588] Epoch: 148, Dataset: val, Dice: 0.8983, IoU: 0.8383
[2026-09-26 20:13:07,257] Epoch: 149, Dataset: test, Dice: 0.9410, IoU: 0.8924
[2026-09-26 20:13:08,042] Epoch: 149, Dataset: val, Dice: 0.9031, IoU: 0.8416
[2026-09-26 20:13:36,632] Epoch: 150, Dataset: test, Dice: 0.9419, IoU: 0.8935
[2026-09-26 20:13:37,407] Epoch: 150, Dataset: val, Dice: 0.9015, IoU: 0.8420
[2026-09-26 20:14:06,019] Epoch: 151, Dataset: test, Dice: 0.9348, IoU: 0.8828
[2026-09-26 20:14:06,775] Epoch: 151, Dataset: val, Dice: 0.9005, IoU: 0.8346
[2026-09-26 20:14:35,435] Epoch: 152, Dataset: test, Dice: 0.9396, IoU: 0.8899
[2026-09-26 20:14:36,206] Epoch: 152, Dataset: val, Dice: 0.8988, IoU: 0.8377
[2026-09-26 20:15:04,811] Epoch: 153, Dataset: test, Dice: 0.9393, IoU: 0.8889
[2026-09-26 20:15:05,585] Epoch: 153, Dataset: val, Dice: 0.9012, IoU: 0.8432
[2026-09-26 20:15:34,144] Epoch: 154, Dataset: test, Dice: 0.9249, IoU: 0.8773
[2026-09-26 20:15:34,916] Epoch: 154, Dataset: val, Dice: 0.9040, IoU: 0.8454
[2026-09-26 20:16:03,556] Epoch: 155, Dataset: test, Dice: 0.9282, IoU: 0.8813
[2026-09-26 20:16:04,329] Epoch: 155, Dataset: val, Dice: 0.8995, IoU: 0.8398
[2026-09-26 20:16:32,945] Epoch: 156, Dataset: test, Dice: 0.9263, IoU: 0.8776
[2026-09-26 20:16:33,725] Epoch: 156, Dataset: val, Dice: 0.8963, IoU: 0.8323
[2026-09-26 20:17:02,273] Epoch: 157, Dataset: test, Dice: 0.9353, IoU: 0.8847
[2026-09-26 20:17:03,058] Epoch: 157, Dataset: val, Dice: 0.9054, IoU: 0.8490
[2026-09-26 20:17:31,628] Epoch: 158, Dataset: test, Dice: 0.9406, IoU: 0.8913
[2026-09-26 20:17:32,407] Epoch: 158, Dataset: val, Dice: 0.9044, IoU: 0.8438
[2026-09-26 20:18:01,048] Epoch: 159, Dataset: test, Dice: 0.9406, IoU: 0.8916
[2026-09-26 20:18:01,866] Epoch: 159, Dataset: val, Dice: 0.9057, IoU: 0.8469
[2026-09-26 20:18:30,428] Epoch: 160, Dataset: test, Dice: 0.9388, IoU: 0.8891
[2026-09-26 20:18:31,193] Epoch: 160, Dataset: val, Dice: 0.9008, IoU: 0.8408
[2026-09-26 20:18:59,794] Epoch: 161, Dataset: test, Dice: 0.9217, IoU: 0.8642
[2026-09-26 20:19:00,583] Epoch: 161, Dataset: val, Dice: 0.8954, IoU: 0.8300
[2026-09-26 20:19:29,210] Epoch: 162, Dataset: test, Dice: 0.9413, IoU: 0.8926
[2026-09-26 20:19:29,964] Epoch: 162, Dataset: val, Dice: 0.8995, IoU: 0.8377
[2026-09-26 20:19:58,556] Epoch: 163, Dataset: test, Dice: 0.9426, IoU: 0.8950
[2026-09-26 20:19:59,286] Epoch: 163, Dataset: val, Dice: 0.8993, IoU: 0.8386
[2026-09-26 20:20:27,895] Epoch: 164, Dataset: test, Dice: 0.9409, IoU: 0.8916
[2026-09-26 20:20:28,679] Epoch: 164, Dataset: val, Dice: 0.8954, IoU: 0.8346
[2026-09-26 20:20:57,221] Epoch: 165, Dataset: test, Dice: 0.9411, IoU: 0.8925
[2026-09-26 20:20:58,015] Epoch: 165, Dataset: val, Dice: 0.9026, IoU: 0.8442
[2026-09-26 20:21:26,533] Epoch: 166, Dataset: test, Dice: 0.9294, IoU: 0.8809
[2026-09-26 20:21:27,283] Epoch: 166, Dataset: val, Dice: 0.8982, IoU: 0.8372
[2026-09-26 20:21:55,811] Epoch: 167, Dataset: test, Dice: 0.9326, IoU: 0.8852
[2026-09-26 20:21:56,593] Epoch: 167, Dataset: val, Dice: 0.8996, IoU: 0.8409
[2026-09-26 20:22:25,101] Epoch: 168, Dataset: test, Dice: 0.9317, IoU: 0.8830
[2026-09-26 20:22:25,846] Epoch: 168, Dataset: val, Dice: 0.9032, IoU: 0.8458
[2026-09-26 20:22:54,420] Epoch: 169, Dataset: test, Dice: 0.9338, IoU: 0.8844
[2026-09-26 20:22:55,161] Epoch: 169, Dataset: val, Dice: 0.9004, IoU: 0.8409
[2026-09-26 20:23:23,827] Epoch: 170, Dataset: test, Dice: 0.9416, IoU: 0.8931
[2026-09-26 20:23:24,592] Epoch: 170, Dataset: val, Dice: 0.9039, IoU: 0.8458
[2026-09-26 20:23:53,159] Epoch: 171, Dataset: test, Dice: 0.9345, IoU: 0.8859
[2026-09-26 20:23:53,921] Epoch: 171, Dataset: val, Dice: 0.9018, IoU: 0.8432
[2026-09-26 20:24:22,488] Epoch: 172, Dataset: test, Dice: 0.9291, IoU: 0.8792
[2026-09-26 20:24:23,300] Epoch: 172, Dataset: val, Dice: 0.8918, IoU: 0.8275
[2026-09-26 20:24:51,866] Epoch: 173, Dataset: test, Dice: 0.9423, IoU: 0.8938
[2026-09-26 20:24:52,645] Epoch: 173, Dataset: val, Dice: 0.8958, IoU: 0.8345
[2026-09-26 20:25:21,162] Epoch: 174, Dataset: test, Dice: 0.9317, IoU: 0.8820
[2026-09-26 20:25:21,890] Epoch: 174, Dataset: val, Dice: 0.8990, IoU: 0.8407
[2026-09-26 20:25:50,501] Epoch: 175, Dataset: test, Dice: 0.9279, IoU: 0.8808
[2026-09-26 20:25:51,275] Epoch: 175, Dataset: val, Dice: 0.9081, IoU: 0.8525
[2026-09-26 20:26:19,864] Epoch: 176, Dataset: test, Dice: 0.9349, IoU: 0.8858
[2026-09-26 20:26:20,626] Epoch: 176, Dataset: val, Dice: 0.9055, IoU: 0.8468
[2026-09-26 20:26:49,204] Epoch: 177, Dataset: test, Dice: 0.9329, IoU: 0.8844
[2026-09-26 20:26:49,946] Epoch: 177, Dataset: val, Dice: 0.9009, IoU: 0.8425
[2026-09-26 20:27:18,505] Epoch: 178, Dataset: test, Dice: 0.9320, IoU: 0.8849
[2026-09-26 20:27:19,312] Epoch: 178, Dataset: val, Dice: 0.9035, IoU: 0.8477
[2026-09-26 20:27:47,844] Epoch: 179, Dataset: test, Dice: 0.9263, IoU: 0.8750
[2026-09-26 20:27:48,609] Epoch: 179, Dataset: val, Dice: 0.9011, IoU: 0.8433
[2026-09-26 20:28:17,211] Epoch: 180, Dataset: test, Dice: 0.9347, IoU: 0.8852
[2026-09-26 20:28:18,041] Epoch: 180, Dataset: val, Dice: 0.9039, IoU: 0.8466
[2026-09-26 20:28:46,691] Epoch: 181, Dataset: test, Dice: 0.9325, IoU: 0.8843
[2026-09-26 20:28:47,422] Epoch: 181, Dataset: val, Dice: 0.9025, IoU: 0.8458
[2026-09-26 20:29:16,003] Epoch: 182, Dataset: test, Dice: 0.9358, IoU: 0.8862
[2026-09-26 20:29:16,725] Epoch: 182, Dataset: val, Dice: 0.9028, IoU: 0.8465
[2026-09-26 20:29:45,174] Epoch: 183, Dataset: test, Dice: 0.9407, IoU: 0.8916
[2026-09-26 20:29:45,926] Epoch: 183, Dataset: val, Dice: 0.9033, IoU: 0.8451
[2026-09-26 20:30:14,433] Epoch: 184, Dataset: test, Dice: 0.9353, IoU: 0.8854
[2026-09-26 20:30:15,253] Epoch: 184, Dataset: val, Dice: 0.9048, IoU: 0.8475
[2026-09-26 20:30:43,831] Epoch: 185, Dataset: test, Dice: 0.9374, IoU: 0.8885
[2026-09-26 20:30:44,635] Epoch: 185, Dataset: val, Dice: 0.9052, IoU: 0.8475
[2026-09-26 20:31:13,303] Epoch: 186, Dataset: test, Dice: 0.9340, IoU: 0.8867
[2026-09-26 20:31:14,020] Epoch: 186, Dataset: val, Dice: 0.9065, IoU: 0.8508
[2026-09-26 20:31:42,507] Epoch: 187, Dataset: test, Dice: 0.9387, IoU: 0.8884
[2026-09-26 20:31:43,285] Epoch: 187, Dataset: val, Dice: 0.9008, IoU: 0.8434
[2026-09-26 20:32:11,837] Epoch: 188, Dataset: test, Dice: 0.9378, IoU: 0.8880
[2026-09-26 20:32:12,645] Epoch: 188, Dataset: val, Dice: 0.9017, IoU: 0.8435
[2026-09-26 20:32:41,285] Epoch: 189, Dataset: test, Dice: 0.9289, IoU: 0.8812
[2026-09-26 20:32:42,066] Epoch: 189, Dataset: val, Dice: 0.9006, IoU: 0.8421
[2026-09-26 20:33:10,723] Epoch: 190, Dataset: test, Dice: 0.9400, IoU: 0.8908
[2026-09-26 20:33:11,492] Epoch: 190, Dataset: val, Dice: 0.9008, IoU: 0.8415
[2026-09-26 20:33:40,057] Epoch: 191, Dataset: test, Dice: 0.9405, IoU: 0.8913
[2026-09-26 20:33:40,836] Epoch: 191, Dataset: val, Dice: 0.9046, IoU: 0.8484
[2026-09-26 20:34:09,318] Epoch: 192, Dataset: test, Dice: 0.9406, IoU: 0.8928
[2026-09-26 20:34:10,107] Epoch: 192, Dataset: val, Dice: 0.9072, IoU: 0.8519
[2026-09-26 20:34:38,615] Epoch: 193, Dataset: test, Dice: 0.9360, IoU: 0.8875
[2026-09-26 20:34:39,380] Epoch: 193, Dataset: val, Dice: 0.9035, IoU: 0.8464
[2026-09-26 20:35:07,976] Epoch: 194, Dataset: test, Dice: 0.9300, IoU: 0.8835
[2026-09-26 20:35:08,749] Epoch: 194, Dataset: val, Dice: 0.9025, IoU: 0.8453
[2026-09-26 20:35:37,315] Epoch: 195, Dataset: test, Dice: 0.9428, IoU: 0.8948
[2026-09-26 20:35:38,100] Epoch: 195, Dataset: val, Dice: 0.9014, IoU: 0.8405
[2026-09-26 20:36:06,611] Epoch: 196, Dataset: test, Dice: 0.9368, IoU: 0.8870
[2026-09-26 20:36:07,409] Epoch: 196, Dataset: val, Dice: 0.8936, IoU: 0.8317
[2026-09-26 20:36:36,044] Epoch: 197, Dataset: test, Dice: 0.9417, IoU: 0.8934
[2026-09-26 20:36:36,828] Epoch: 197, Dataset: val, Dice: 0.9045, IoU: 0.8489
[2026-09-26 20:37:05,507] Epoch: 198, Dataset: test, Dice: 0.9347, IoU: 0.8849
[2026-09-26 20:37:06,347] Epoch: 198, Dataset: val, Dice: 0.9018, IoU: 0.8443
[2026-09-26 20:37:34,972] Epoch: 199, Dataset: test, Dice: 0.9326, IoU: 0.8852
[2026-09-26 20:37:35,765] Epoch: 199, Dataset: val, Dice: 0.9024, IoU: 0.8454
[2026-09-26 20:38:04,370] Epoch: 200, Dataset: test, Dice: 0.9344, IoU: 0.8866
[2026-09-26 20:38:05,140] Epoch: 200, Dataset: val, Dice: 0.9030, IoU: 0.8464
[2026-09-26 20:38:05,142] 
========================================
FINAL RESULTS: ClinicDB_MK_UNet_bs8_lr0.0005_e200_augTrue_run1_t185950
Best Val Dice: 0.9092
Test Dice at Best Val: 0.9290
Total Train Time: 5556.12s
========================================
